main.c:70:5:_write	24	static
main.c:75:5:__io_putchar	16	static
main.c:101:5:main	16	static
main.c:205:6:SystemClock_Config	312	static
main.c:287:13:MX_ADC1_Init	48	static
main.c:352:13:MX_USART3_UART_Init	8	static
main.c:400:13:MX_USB_OTG_FS_PCD_Init	8	static
main.c:436:13:MX_GPIO_Init	48	static
main.c:460:6:HAL_ADC_ConvCpltCallback	16	static
main.c:467:6:process_adc	8	static
main.c:471:6:send_adc_value	24	static
main.c:482:9:calculate_crc8	24	static
main.c:492:10:CRC16	24	static
main.c:514:6:Error_Handler	4	static
