main.c:73:5:_write	24	static
main.c:78:10:calculate_CRC16	24	static
main.c:94:6:send_adc_value	24	static
main.c:116:6:send_start_frame	24	static
main.c:131:6:send_end_frame	24	static
main.c:146:6:HAL_TIM_PeriodElapsedCallback	16	static
main.c:167:5:main	16	static
main.c:233:6:SystemClock_Config	232	static
main.c:296:13:MX_ADC1_Init	48	static
main.c:376:13:MX_TIM6_Init	24	static
main.c:414:13:MX_USART2_UART_Init	8	static
main.c:447:13:MX_DMA_Init	16	static
main.c:465:13:MX_GPIO_Init	48	static
main.c:501:6:Error_Handler	4	static
